// Jest Snapshot v1, https://goo.gl/fbAQLP

exports[`<Search /> should match the snapshot 1`] = `"<div class=\\"container\\"><div class=\\"row\\"><div class=\\"col-lg-6 col-md-12\\"><form class=\\"\\"><div class=\\"d-flex form-group\\"><input type=\\"text\\" placeholder=\\"Name a great movie\\" value=\\"\\" id=\\"search-input\\" class=\\"form-control form-control-lg\\"/><button id=\\"search-button\\" value=\\"Submit\\" type=\\"submit\\" class=\\"btn btn-info px-5 btn btn-primary\\"><i class=\\"fa fa-search\\"></i></button></div></form></div></div><div class=\\"row\\"></div></div>"`;
