// Jest Snapshot v1, https://goo.gl/fbAQLP

exports[`Navigation matches snapshot 1`] = `"<nav><ul><li><a class=\\"home-a\\" to=\\"/\\"><h1 class=\\"start-heading\\">M<span>ovie Monster</span></h1></a></li><li><a to=\\"/search\\"><i class=\\"fa fa-search mr-2\\"></i> <span>Search</span></a></li><li><a to=\\"/favourites\\"><i class=\\"fa fa-heart-o mr-2\\"></i> <span>Favourites</span></a></li><li><a to=\\"/watchlist\\"><i class=\\"fa fa-clock-o mr-2\\"></i> <span>Watchlist</span></a></li><li><a to=\\"/auth\\"><i class=\\"fa fa-user mr-2\\"></i> <span>Profile</span></a></li></ul></nav>"`;
